GSM7421860 S1 BM P1 GBM done
GSM7421862 S3 PB P1 GBM done
GSM7421863 S4 BM P2 GBM done
GSM7421865 S6 PB P2 GBM done
GSM7421866 S7 BM P7 GBM done
GSM7421867 S8 BM P8 GBM done
GSM7421868 S9 BM P9 GBM done
GSM7421870 S11 PB P9 GBM done
GSM7421871 S12 BM c4 control done
GSM7421872 S13 PB c4 control done
GSM7421873 S14 BM c5 control done
GSM7421874 S15 PB c5 control done
GSM8244370 S16 BM c8 control done
GSM8244371 S17 PB c8 control done
GSM8244372 S18 BM c9 control done
GSM8244373 S19 PB c9 control done
GSM8244374 S20 BM c10 control done
GSM8244375 S21 PB c10 control done
GSM8244376 S22 BM P4 GBM done
GSM8244380 S26 BM P15 GBM done
GSM8244384 S30 PB P15 GBM done
GSM8244386 S32 BM P16 GBM done
GSM8244390 S36 PB P16 GBM done
GSM8244392 S38 BM P21 GBM done
GSM8244396 S42 BMMC P21 GBM done
GSM8244398 S44 BM P22 GBM done
GSM8244402 S48 BMMC P22 GBM done
GSM8244404 S50 BM P24 GBM done
GSM8244408 S54 BMMC P24 GBM done
ALL_DONE
