  MantonBM1  MantonBM1_HiSeq_1        post=  5276 ge1000g=   877 prog=  116 CLP=   7 eNK=  0 detNK_IL2RB=0.438
  MantonBM1  MantonBM1_HiSeq_2        post=  4794 ge1000g=   886 prog=  120 CLP=   4 eNK=  1 detNK_IL2RB=0.405
  MantonBM1  MantonBM1_HiSeq_3        post=  4688 ge1000g=   896 prog=  108 CLP=   2 eNK=  2 detNK_IL2RB=0.613
  MantonBM1  MantonBM1_HiSeq_4        post=  4662 ge1000g=   887 prog=   97 CLP=   6 eNK=  1 detNK_IL2RB=0.424
  MantonBM1  MantonBM1_HiSeq_5        post=  4857 ge1000g=   953 prog=  129 CLP=   8 eNK=  0 detNK_IL2RB=0.477
  MantonBM1  MantonBM1_HiSeq_6        post=  4949 ge1000g=  1040 prog=  140 CLP=   7 eNK=  1 detNK_IL2RB=0.544
  MantonBM1  MantonBM1_HiSeq_7        post=  4819 ge1000g=   974 prog=  111 CLP=   2 eNK=  0 detNK_IL2RB=0.456
  MantonBM1  MantonBM1_HiSeq_8        post=  4837 ge1000g=  1001 prog=  134 CLP=   8 eNK=  0 detNK_IL2RB=0.420
  MantonBM1  MantonBM1_HiSeq_9        post=  5836 ge1000g=   807 prog=  156 CLP=   7 eNK=  0 detNK_IL2RB=0.333
  MantonBM2  MantonBM2_HiSeq_1        post=  5539 ge1000g=   879 prog=   42 CLP=   1 eNK=  0 detNK_IL2RB=0.360
  MantonBM2  MantonBM2_HiSeq_2        post=  5558 ge1000g=   970 prog=   42 CLP=   1 eNK=  0 detNK_IL2RB=0.385
  MantonBM2  MantonBM2_HiSeq_3        post=  5910 ge1000g=   936 prog=   53 CLP=   1 eNK=  1 detNK_IL2RB=0.361
  MantonBM2  MantonBM2_HiSeq_4        post=  5558 ge1000g=   835 prog=   38 CLP=   1 eNK=  0 detNK_IL2RB=0.357
  MantonBM2  MantonBM2_HiSeq_5        post=  5975 ge1000g=   928 prog=   56 CLP=   6 eNK=  0 detNK_IL2RB=0.402
  MantonBM2  MantonBM2_HiSeq_6        post=  5878 ge1000g=   958 prog=   52 CLP=   0 eNK=  0 detNK_IL2RB=0.343
  MantonBM2  MantonBM2_HiSeq_7        post=  5567 ge1000g=  1004 prog=   52 CLP=   3 eNK=  0 detNK_IL2RB=0.417
  MantonBM2  MantonBM2_HiSeq_8        post=  5545 ge1000g=   927 prog=   53 CLP=   2 eNK=  0 detNK_IL2RB=0.429
  MantonBM2  MantonBM2_HiSeq_9        post=  5810 ge1000g=  1085 prog=   56 CLP=   1 eNK=  0 detNK_IL2RB=0.323
  MantonBM3  MantonBM3_HiSeq_1        post=  5026 ge1000g=   808 prog=   72 CLP=   0 eNK=  0 detNK_IL2RB=0.106
  MantonBM3  MantonBM3_HiSeq_2        post=  4914 ge1000g=   955 prog=   88 CLP=   4 eNK=  0 detNK_IL2RB=0.129
  MantonBM3  MantonBM3_HiSeq_3        post=  4793 ge1000g=   841 prog=   74 CLP=   3 eNK=  0 detNK_IL2RB=0.105
  MantonBM3  MantonBM3_HiSeq_4        post=  4890 ge1000g=   953 prog=   79 CLP=   2 eNK=  0 detNK_IL2RB=0.159
  MantonBM3  MantonBM3_HiSeq_5        post=  5071 ge1000g=   853 prog=   78 CLP=   3 eNK=  0 detNK_IL2RB=0.105
  MantonBM3  MantonBM3_HiSeq_6        post=  5183 ge1000g=   912 prog=   70 CLP=   2 eNK=  0 detNK_IL2RB=0.124
  MantonBM3  MantonBM3_HiSeq_7        post=  5038 ge1000g=   814 prog=   71 CLP=   0 eNK=  0 detNK_IL2RB=0.112
  MantonBM3  MantonBM3_HiSeq_8        post=  4888 ge1000g=   852 prog=   75 CLP=   2 eNK=  1 detNK_IL2RB=0.121
  MantonBM3  MantonBM3_HiSeq_9        post=  5837 ge1000g=   686 prog=  106 CLP=   2 eNK=  0 detNK_IL2RB=0.069
  MantonBM4  MantonBM4_HiSeq_1        post=  5340 ge1000g=  1112 prog=  179 CLP=  11 eNK=  1 detNK_IL2RB=0.263
  MantonBM4  MantonBM4_HiSeq_2        post=  4974 ge1000g=  1088 prog=  198 CLP=  10 eNK=  0 detNK_IL2RB=0.280
  MantonBM4  MantonBM4_HiSeq_3        post=  4819 ge1000g=  1084 prog=  202 CLP=   4 eNK=  0 detNK_IL2RB=0.311
  MantonBM4  MantonBM4_HiSeq_4        post=  4942 ge1000g=  1185 prog=  195 CLP=   6 eNK=  2 detNK_IL2RB=0.277
  MantonBM4  MantonBM4_HiSeq_5        post=  5092 ge1000g=  1186 prog=  188 CLP=  11 eNK=  0 detNK_IL2RB=0.335
  MantonBM4  MantonBM4_HiSeq_6        post=  5239 ge1000g=  1155 prog=  222 CLP=   3 eNK=  0 detNK_IL2RB=0.314
  MantonBM4  MantonBM4_HiSeq_7        post=  5260 ge1000g=  1149 prog=  197 CLP=  11 eNK=  1 detNK_IL2RB=0.259
  MantonBM4  MantonBM4_HiSeq_8        post=  5326 ge1000g=  1244 prog=  161 CLP=   3 eNK=  0 detNK_IL2RB=0.312
  MantonBM4  MantonBM4_HiSeq_9        post=  4918 ge1000g=  1035 prog=  215 CLP=  14 eNK=  1 detNK_IL2RB=0.261
  MantonBM5  MantonBM5_HiSeq_1        post=  5244 ge1000g=  1187 prog=  241 CLP=   4 eNK=  2 detNK_IL2RB=0.271
  MantonBM5  MantonBM5_HiSeq_2        post=  4898 ge1000g=  1087 prog=  240 CLP=   4 eNK=  0 detNK_IL2RB=0.293
  MantonBM5  MantonBM5_HiSeq_3        post=  5015 ge1000g=  1145 prog=  218 CLP=   6 eNK=  0 detNK_IL2RB=0.291
  MantonBM5  MantonBM5_HiSeq_4        post=  4871 ge1000g=  1094 prog=  207 CLP=   4 eNK=  0 detNK_IL2RB=0.300
  MantonBM5  MantonBM5_HiSeq_5        post=  5006 ge1000g=  1189 prog=  243 CLP=   6 eNK=  0 detNK_IL2RB=0.318
  MantonBM5  MantonBM5_HiSeq_6        post=  4787 ge1000g=  1136 prog=  240 CLP=   2 eNK=  0 detNK_IL2RB=0.349
  MantonBM5  MantonBM5_HiSeq_7        post=  5042 ge1000g=  1003 prog=  197 CLP=   1 eNK=  0 detNK_IL2RB=0.211
  MantonBM5  MantonBM5_HiSeq_8        post=  4941 ge1000g=  1085 prog=  233 CLP=   2 eNK=  0 detNK_IL2RB=0.333
  MantonBM5  MantonBM5_HiSeq_9        post=  5938 ge1000g=  1161 prog=  299 CLP=   3 eNK=  1 detNK_IL2RB=0.194
  MantonBM6  MantonBM6_HiSeq_1        post=  5689 ge1000g=  1095 prog=  156 CLP=   7 eNK=  0 detNK_IL2RB=0.338
  MantonBM6  MantonBM6_HiSeq_2        post=  5221 ge1000g=  1202 prog=  182 CLP=   3 eNK=  1 detNK_IL2RB=0.306
  MantonBM6  MantonBM6_HiSeq_4        post=  5339 ge1000g=  1004 prog=  140 CLP=   4 eNK=  0 detNK_IL2RB=0.356
  MantonBM6  MantonBM6_HiSeq_5        post=  5390 ge1000g=  1194 prog=  185 CLP=   9 eNK=  1 detNK_IL2RB=0.476
  MantonBM6  MantonBM6_HiSeq_6        post=  5199 ge1000g=  1157 prog=  167 CLP=   3 eNK=  0 detNK_IL2RB=0.356
  MantonBM6  MantonBM6_HiSeq_7        post=  5404 ge1000g=  1118 prog=  145 CLP=   8 eNK=  1 detNK_IL2RB=0.349
  MantonBM6  MantonBM6_HiSeq_8        post=  5394 ge1000g=  1222 prog=  161 CLP=   8 eNK=  0 detNK_IL2RB=0.398
  MantonBM6  MantonBM6_HiSeq_9        post=  5760 ge1000g=   965 prog=  186 CLP=   4 eNK=  0 detNK_IL2RB=0.274
  MantonBM7  MantonBM7_HiSeq_1        post=  5538 ge1000g=   689 prog=  104 CLP=   5 eNK=  0 detNK_IL2RB=0.211
  MantonBM7  MantonBM7_HiSeq_2        post=  5304 ge1000g=   820 prog=  112 CLP=   3 eNK=  0 detNK_IL2RB=0.234
  MantonBM7  MantonBM7_HiSeq_3        post=  5612 ge1000g=   833 prog=  132 CLP=  10 eNK=  0 detNK_IL2RB=0.254
  MantonBM7  MantonBM7_HiSeq_4        post=  5697 ge1000g=   868 prog=  132 CLP=   7 eNK=  1 detNK_IL2RB=0.243
  MantonBM7  MantonBM7_HiSeq_5        post=  5312 ge1000g=   732 prog=   99 CLP=   9 eNK=  0 detNK_IL2RB=0.235
  MantonBM7  MantonBM7_HiSeq_6        post=  5729 ge1000g=   717 prog=  128 CLP=   7 eNK=  1 detNK_IL2RB=0.228
  MantonBM7  MantonBM7_HiSeq_7        post=  4718 ge1000g=   689 prog=   99 CLP=   3 eNK=  0 detNK_IL2RB=0.220
  MantonBM7  MantonBM7_HiSeq_8        post=  5336 ge1000g=   774 prog=   98 CLP=   3 eNK=  0 detNK_IL2RB=0.249
  MantonBM7  MantonBM7_HiSeq_9        post=  5928 ge1000g=   788 prog=  120 CLP=   6 eNK=  1 detNK_IL2RB=0.273
  MantonBM8  MantonBM8_HiSeq_1        post=  5510 ge1000g=   792 prog=  126 CLP=   2 eNK=  1 detNK_IL2RB=0.272
  MantonBM8  MantonBM8_HiSeq_2        post=  4991 ge1000g=   707 prog=  119 CLP=   4 eNK=  0 detNK_IL2RB=0.382
  MantonBM8  MantonBM8_HiSeq_3        post=  5531 ge1000g=   801 prog=  148 CLP=   5 eNK=  2 detNK_IL2RB=0.311
  MantonBM8  MantonBM8_HiSeq_4        post=  5067 ge1000g=   747 prog=  126 CLP=   8 eNK=  0 detNK_IL2RB=0.231
  MantonBM8  MantonBM8_HiSeq_5        post=  5255 ge1000g=   740 prog=  114 CLP=   3 eNK=  0 detNK_IL2RB=0.230
  MantonBM8  MantonBM8_HiSeq_6        post=  5378 ge1000g=   783 prog=  131 CLP=   6 eNK=  1 detNK_IL2RB=0.300
  MantonBM8  MantonBM8_HiSeq_7        post=  5116 ge1000g=   796 prog=  128 CLP=   1 eNK=  0 detNK_IL2RB=0.217
  MantonBM8  MantonBM8_HiSeq_8        post=  5262 ge1000g=   682 prog=  125 CLP=   3 eNK=  0 detNK_IL2RB=0.212
  MantonBM8  MantonBM8_HiSeq_9        post=  6275 ge1000g=   878 prog=  174 CLP=  10 eNK=  0 detNK_IL2RB=0.341
wrote out/task_c_supp.tsv
