  HCA_ICA   MantonBM1  MantonBM1_HiSeq_1         pre=   6186 post=  5276 | eNKperm=   0 eNKstr=   0 proB=   10 ery=   52 CLP=   7 CD34=   62 mNK=  105
  HCA_ICA   MantonBM1  MantonBM1_HiSeq_2         pre=   5392 post=  4794 | eNKperm=   1 eNKstr=   0 proB=   15 ery=   48 CLP=   4 CD34=   74 mNK=   84
  HCA_ICA   MantonBM1  MantonBM1_HiSeq_3         pre=   5294 post=  4688 | eNKperm=   2 eNKstr=   0 proB=    8 ery=   43 CLP=   2 CD34=   57 mNK=   75
  HCA_ICA   MantonBM1  MantonBM1_HiSeq_4         pre=   5326 post=  4662 | eNKperm=   1 eNKstr=   0 proB=   12 ery=   48 CLP=   6 CD34=   55 mNK=   85
  HCA_ICA   MantonBM1  MantonBM1_HiSeq_5         pre=   5507 post=  4857 | eNKperm=   0 eNKstr=   0 proB=   13 ery=   50 CLP=   8 CD34=   72 mNK=   86
  HCA_ICA   MantonBM1  MantonBM1_HiSeq_6         pre=   5552 post=  4949 | eNKperm=   1 eNKstr=   0 proB=   11 ery=   62 CLP=   7 CD34=   64 mNK=  103
  HCA_ICA   MantonBM1  MantonBM1_HiSeq_7         pre=   5393 post=  4819 | eNKperm=   0 eNKstr=   0 proB=   14 ery=   43 CLP=   2 CD34=   60 mNK=   79
  HCA_ICA   MantonBM1  MantonBM1_HiSeq_8         pre=   5423 post=  4837 | eNKperm=   0 eNKstr=   0 proB=   20 ery=   52 CLP=   8 CD34=   81 mNK=   88
  HCA_ICA   MantonBM1  MantonBM1_HiSeq_9         pre=   7028 post=  5836 | eNKperm=   0 eNKstr=   0 proB=   22 ery=   54 CLP=   7 CD34=  113 mNK=  123
  HCA_ICA   MantonBM2  MantonBM2_HiSeq_1         pre=   6194 post=  5539 | eNKperm=   0 eNKstr=   0 proB=   11 ery=    7 CLP=   1 CD34=   32 mNK=  428
  HCA_ICA   MantonBM2  MantonBM2_HiSeq_2         pre=   6149 post=  5558 | eNKperm=   0 eNKstr=   0 proB=   10 ery=    9 CLP=   1 CD34=   24 mNK=  371
  HCA_ICA   MantonBM2  MantonBM2_HiSeq_3         pre=   6519 post=  5910 | eNKperm=   1 eNKstr=   0 proB=   18 ery=    7 CLP=   1 CD34=   39 mNK=  462
  HCA_ICA   MantonBM2  MantonBM2_HiSeq_4         pre=   6183 post=  5558 | eNKperm=   0 eNKstr=   0 proB=   12 ery=    7 CLP=   1 CD34=   28 mNK=  437
  HCA_ICA   MantonBM2  MantonBM2_HiSeq_5         pre=   6637 post=  5975 | eNKperm=   0 eNKstr=   0 proB=   15 ery=    9 CLP=   6 CD34=   44 mNK=  465
  HCA_ICA   MantonBM2  MantonBM2_HiSeq_6         pre=   6713 post=  5878 | eNKperm=   0 eNKstr=   0 proB=   15 ery=    4 CLP=   0 CD34=   39 mNK=  495
  HCA_ICA   MantonBM2  MantonBM2_HiSeq_7         pre=   6157 post=  5567 | eNKperm=   0 eNKstr=   0 proB=   18 ery=    4 CLP=   3 CD34=   40 mNK=  412
  HCA_ICA   MantonBM2  MantonBM2_HiSeq_8         pre=   6113 post=  5545 | eNKperm=   0 eNKstr=   0 proB=   15 ery=    9 CLP=   2 CD34=   37 mNK=  424
  HCA_ICA   MantonBM2  MantonBM2_HiSeq_9         pre=   6458 post=  5810 | eNKperm=   0 eNKstr=   0 proB=    7 ery=    9 CLP=   1 CD34=   41 mNK=  551
  HCA_ICA   MantonBM3  MantonBM3_HiSeq_1         pre=   5942 post=  5026 | eNKperm=   0 eNKstr=   0 proB=    6 ery=   21 CLP=   0 CD34=   41 mNK=  236
  HCA_ICA   MantonBM3  MantonBM3_HiSeq_2         pre=   5722 post=  4914 | eNKperm=   0 eNKstr=   0 proB=    3 ery=   16 CLP=   4 CD34=   51 mNK=  202
  HCA_ICA   MantonBM3  MantonBM3_HiSeq_3         pre=   5581 post=  4793 | eNKperm=   0 eNKstr=   0 proB=    3 ery=   16 CLP=   3 CD34=   41 mNK=  190
  HCA_ICA   MantonBM3  MantonBM3_HiSeq_4         pre=   5692 post=  4890 | eNKperm=   0 eNKstr=   0 proB=    4 ery=   20 CLP=   2 CD34=   42 mNK=  226
  HCA_ICA   MantonBM3  MantonBM3_HiSeq_5         pre=   5819 post=  5071 | eNKperm=   0 eNKstr=   0 proB=    6 ery=   20 CLP=   3 CD34=   49 mNK=  239
  HCA_ICA   MantonBM3  MantonBM3_HiSeq_6         pre=   5981 post=  5183 | eNKperm=   0 eNKstr=   0 proB=    4 ery=   23 CLP=   2 CD34=   46 mNK=  209
  HCA_ICA   MantonBM3  MantonBM3_HiSeq_7         pre=   5849 post=  5038 | eNKperm=   0 eNKstr=   0 proB=    5 ery=   26 CLP=   0 CD34=   40 mNK=  249
  HCA_ICA   MantonBM3  MantonBM3_HiSeq_8         pre=   5677 post=  4888 | eNKperm=   1 eNKstr=   0 proB=    3 ery=   28 CLP=   2 CD34=   52 mNK=  215
  HCA_ICA   MantonBM3  MantonBM3_HiSeq_9         pre=   7063 post=  5837 | eNKperm=   0 eNKstr=   0 proB=    6 ery=   25 CLP=   2 CD34=   74 mNK=  248
  HCA_ICA   MantonBM4  MantonBM4_HiSeq_1         pre=   6475 post=  5340 | eNKperm=   1 eNKstr=   1 proB=   37 ery=   44 CLP=  11 CD34=  137 mNK=  304
  HCA_ICA   MantonBM4  MantonBM4_HiSeq_2         pre=   5802 post=  4974 | eNKperm=   0 eNKstr=   0 proB=   49 ery=   39 CLP=  10 CD34=  157 mNK=  332
  HCA_ICA   MantonBM4  MantonBM4_HiSeq_3         pre=   5751 post=  4819 | eNKperm=   0 eNKstr=   0 proB=   34 ery=   45 CLP=   4 CD34=  160 mNK=  270
  HCA_ICA   MantonBM4  MantonBM4_HiSeq_4         pre=   5827 post=  4942 | eNKperm=   2 eNKstr=   0 proB=   38 ery=   43 CLP=   6 CD34=  142 mNK=  267
  HCA_ICA   MantonBM4  MantonBM4_HiSeq_5         pre=   6001 post=  5092 | eNKperm=   0 eNKstr=   0 proB=   42 ery=   46 CLP=  11 CD34=  140 mNK=  263
  HCA_ICA   MantonBM4  MantonBM4_HiSeq_6         pre=   6137 post=  5239 | eNKperm=   0 eNKstr=   0 proB=   57 ery=   47 CLP=   3 CD34=  169 mNK=  296
  HCA_ICA   MantonBM4  MantonBM4_HiSeq_7         pre=   6098 post=  5260 | eNKperm=   1 eNKstr=   1 proB=   44 ery=   37 CLP=  11 CD34=  151 mNK=  297
  HCA_ICA   MantonBM4  MantonBM4_HiSeq_8         pre=   6215 post=  5326 | eNKperm=   0 eNKstr=   0 proB=   36 ery=   39 CLP=   3 CD34=  117 mNK=  298
  HCA_ICA   MantonBM4  MantonBM4_HiSeq_9         pre=   6253 post=  4918 | eNKperm=   1 eNKstr=   0 proB=   57 ery=   39 CLP=  14 CD34=  180 mNK=  245
  HCA_ICA   MantonBM5  MantonBM5_HiSeq_1         pre=   6546 post=  5244 | eNKperm=   2 eNKstr=   0 proB=   15 ery=  121 CLP=   4 CD34=  141 mNK=   70
  HCA_ICA   MantonBM5  MantonBM5_HiSeq_2         pre=   6169 post=  4898 | eNKperm=   0 eNKstr=   0 proB=   17 ery=  115 CLP=   4 CD34=  126 mNK=   58
  HCA_ICA   MantonBM5  MantonBM5_HiSeq_3         pre=   6569 post=  5015 | eNKperm=   0 eNKstr=   0 proB=   12 ery=  113 CLP=   6 CD34=  109 mNK=   79
  HCA_ICA   MantonBM5  MantonBM5_HiSeq_4         pre=   6003 post=  4871 | eNKperm=   0 eNKstr=   0 proB=    5 ery=  111 CLP=   4 CD34=   97 mNK=   50
  HCA_ICA   MantonBM5  MantonBM5_HiSeq_5         pre=   6074 post=  5006 | eNKperm=   0 eNKstr=   0 proB=   14 ery=  123 CLP=   6 CD34=  117 mNK=   66
  HCA_ICA   MantonBM5  MantonBM5_HiSeq_6         pre=   5923 post=  4787 | eNKperm=   0 eNKstr=   0 proB=   13 ery=  113 CLP=   2 CD34=  134 mNK=   86
  HCA_ICA   MantonBM5  MantonBM5_HiSeq_7         pre=   6276 post=  5042 | eNKperm=   0 eNKstr=   0 proB=    7 ery=  100 CLP=   1 CD34=  108 mNK=   76
  HCA_ICA   MantonBM5  MantonBM5_HiSeq_8         pre=   6996 post=  4941 | eNKperm=   0 eNKstr=   0 proB=    9 ery=  123 CLP=   2 CD34=  136 mNK=   75
  HCA_ICA   MantonBM5  MantonBM5_HiSeq_9         pre=   7743 post=  5938 | eNKperm=   1 eNKstr=   0 proB=   14 ery=  126 CLP=   3 CD34=  187 mNK=   98
  HCA_ICA   MantonBM6  MantonBM6_HiSeq_1         pre=   7300 post=  5689 | eNKperm=   0 eNKstr=   0 proB=   22 ery=   48 CLP=   7 CD34=  107 mNK=  145
  HCA_ICA   MantonBM6  MantonBM6_HiSeq_2         pre=   6579 post=  5221 | eNKperm=   1 eNKstr=   1 proB=   25 ery=   62 CLP=   3 CD34=  118 mNK=   85
  HCA_ICA   MantonBM6  MantonBM6_HiSeq_4         pre=   6802 post=  5339 | eNKperm=   0 eNKstr=   0 proB=   20 ery=   49 CLP=   4 CD34=   90 mNK=  132
  HCA_ICA   MantonBM6  MantonBM6_HiSeq_5         pre=   6626 post=  5390 | eNKperm=   1 eNKstr=   0 proB=   15 ery=   52 CLP=   9 CD34=  132 mNK=  124
  HCA_ICA   MantonBM6  MantonBM6_HiSeq_6         pre=   6554 post=  5199 | eNKperm=   0 eNKstr=   0 proB=   23 ery=   51 CLP=   3 CD34=  117 mNK=  118
  HCA_ICA   MantonBM6  MantonBM6_HiSeq_7         pre=   6771 post=  5404 | eNKperm=   1 eNKstr=   0 proB=   22 ery=   44 CLP=   8 CD34=  106 mNK=  129
  HCA_ICA   MantonBM6  MantonBM6_HiSeq_8         pre=   7011 post=  5394 | eNKperm=   0 eNKstr=   0 proB=   19 ery=   45 CLP=   8 CD34=  117 mNK=  108
  HCA_ICA   MantonBM6  MantonBM6_HiSeq_9         pre=   6848 post=  5760 | eNKperm=   0 eNKstr=   0 proB=   16 ery=   31 CLP=   4 CD34=  133 mNK=  168
  HCA_ICA   MantonBM7  MantonBM7_HiSeq_1         pre=   6325 post=  5538 | eNKperm=   0 eNKstr=   0 proB=   26 ery=   20 CLP=   5 CD34=   74 mNK=  199
  HCA_ICA   MantonBM7  MantonBM7_HiSeq_2         pre=   6026 post=  5304 | eNKperm=   0 eNKstr=   0 proB=   31 ery=   29 CLP=   3 CD34=   87 mNK=  167
  HCA_ICA   MantonBM7  MantonBM7_HiSeq_3         pre=   6348 post=  5612 | eNKperm=   0 eNKstr=   0 proB=   25 ery=   33 CLP=  10 CD34=   92 mNK=  185
  HCA_ICA   MantonBM7  MantonBM7_HiSeq_4         pre=   6510 post=  5697 | eNKperm=   1 eNKstr=   1 proB=   28 ery=   28 CLP=   7 CD34=   91 mNK=  181
  HCA_ICA   MantonBM7  MantonBM7_HiSeq_5         pre=   6020 post=  5312 | eNKperm=   0 eNKstr=   0 proB=   25 ery=   23 CLP=   9 CD34=   70 mNK=  162
  HCA_ICA   MantonBM7  MantonBM7_HiSeq_6         pre=   6478 post=  5729 | eNKperm=   1 eNKstr=   0 proB=   29 ery=   34 CLP=   7 CD34=   95 mNK=  193
  HCA_ICA   MantonBM7  MantonBM7_HiSeq_7         pre=   5313 post=  4718 | eNKperm=   0 eNKstr=   0 proB=   27 ery=   25 CLP=   3 CD34=   74 mNK=  141
  HCA_ICA   MantonBM7  MantonBM7_HiSeq_8         pre=   6035 post=  5336 | eNKperm=   0 eNKstr=   0 proB=   24 ery=   22 CLP=   3 CD34=   69 mNK=  177
  HCA_ICA   MantonBM7  MantonBM7_HiSeq_9         pre=   6733 post=  5928 | eNKperm=   1 eNKstr=   0 proB=   19 ery=   27 CLP=   6 CD34=   93 mNK=  238
  HCA_ICA   MantonBM8  MantonBM8_HiSeq_1         pre=   6416 post=  5510 | eNKperm=   1 eNKstr=   0 proB=   10 ery=   20 CLP=   2 CD34=  107 mNK=   92
  HCA_ICA   MantonBM8  MantonBM8_HiSeq_2         pre=   5790 post=  4991 | eNKperm=   0 eNKstr=   0 proB=   12 ery=   29 CLP=   4 CD34=   89 mNK=   76
  HCA_ICA   MantonBM8  MantonBM8_HiSeq_3         pre=   6543 post=  5531 | eNKperm=   2 eNKstr=   0 proB=   16 ery=   26 CLP=   5 CD34=  119 mNK=   74
  HCA_ICA   MantonBM8  MantonBM8_HiSeq_4         pre=   6026 post=  5067 | eNKperm=   0 eNKstr=   0 proB=   17 ery=   19 CLP=   8 CD34=  108 mNK=   65
  HCA_ICA   MantonBM8  MantonBM8_HiSeq_5         pre=   6090 post=  5255 | eNKperm=   0 eNKstr=   0 proB=    5 ery=   20 CLP=   3 CD34=   85 mNK=   74
  HCA_ICA   MantonBM8  MantonBM8_HiSeq_6         pre=   6258 post=  5378 | eNKperm=   1 eNKstr=   0 proB=   12 ery=   18 CLP=   6 CD34=  105 mNK=   70
  HCA_ICA   MantonBM8  MantonBM8_HiSeq_7         pre=   5971 post=  5116 | eNKperm=   0 eNKstr=   0 proB=    7 ery=   28 CLP=   1 CD34=  104 mNK=   69
  HCA_ICA   MantonBM8  MantonBM8_HiSeq_8         pre=   6136 post=  5262 | eNKperm=   0 eNKstr=   0 proB=    6 ery=   29 CLP=   3 CD34=   97 mNK=   66
  HCA_ICA   MantonBM8  MantonBM8_HiSeq_9         pre=   7254 post=  6275 | eNKperm=   0 eNKstr=   0 proB=   17 ery=   33 CLP=  10 CD34=  144 mNK=   82
  GSE233304 P1         S1                        pre=   5317 post=  3579 | eNKperm=   4 eNKstr=   1 proB=    0 ery=    0 CLP=  25 CD34=   12 mNK=   32
  GSE233304 P2         S4                        pre=   2034 post=  1450 | eNKperm=   1 eNKstr=   0 proB=    1 ery=    0 CLP=   5 CD34=    6 mNK=    3
  GSE233304 P7         S7                        pre=   1140 post=   933 | eNKperm=   0 eNKstr=   0 proB=    0 ery=    0 CLP=   2 CD34=    3 mNK=    1
  GSE233304 P8         S8                        pre=   2581 post=  1783 | eNKperm=   1 eNKstr=   0 proB=    1 ery=    1 CLP=   3 CD34=    3 mNK=   24
  GSE233304 P9         S9                        pre=   2433 post=  2186 | eNKperm=   4 eNKstr=   0 proB=    1 ery=    2 CLP=  19 CD34=    7 mNK=    5
  GSE233304 c4         S12                       pre=    565 post=   215 | eNKperm=   0 eNKstr=   0 proB=    1 ery=    0 CLP=   0 CD34=    6 mNK=    1
  GSE233304 c5         S14                       pre=   1513 post=  1298 | eNKperm=   1 eNKstr=   0 proB=    0 ery=    0 CLP=   2 CD34=    2 mNK=    9
  GSE233304 c8         S16                       pre=   6848 post=  6001 | eNKperm=  11 eNKstr=   1 proB=    7 ery=    7 CLP=  45 CD34=   27 mNK=    8
  GSE233304 c9         S18                       pre=   7042 post=  5037 | eNKperm=   4 eNKstr=   0 proB=   13 ery=   14 CLP=  15 CD34=   28 mNK=   34
  GSE233304 c10        S20                       pre=   2014 post=  1716 | eNKperm=   1 eNKstr=   0 proB=    0 ery=    0 CLP=   4 CD34=    9 mNK=   13
  GSE233304 P4         S22                       pre=   1949 post=  1679 | eNKperm=   1 eNKstr=   0 proB=    3 ery=   18 CLP=   6 CD34=   44 mNK=   28
  GSE233304 P15        S26                       pre=   5176 post=  4829 | eNKperm=   1 eNKstr=   0 proB=    0 ery=    4 CLP=   8 CD34=    5 mNK=   30
  GSE233304 P16        S32                       pre=   3802 post=  3351 | eNKperm=   3 eNKstr=   0 proB=    0 ery=    5 CLP=  21 CD34=   31 mNK=   23
  GSE233304 P21        S38                       pre=   1229 post=   567 | eNKperm=   1 eNKstr=   0 proB=    0 ery=    2 CLP=   0 CD34=    6 mNK=    0
  GSE233304 P21        S42                       pre=  10668 post=  9272 | eNKperm=  11 eNKstr=   1 proB=   21 ery=   34 CLP=  42 CD34=  290 mNK=   68
  GSE233304 P22        S44                       pre=   6172 post=  5623 | eNKperm=   1 eNKstr=   0 proB=    1 ery=    4 CLP=   9 CD34=    9 mNK=    2
  GSE233304 P22        S48                       pre=   8639 post=  8295 | eNKperm=  10 eNKstr=   1 proB=   37 ery=   24 CLP=  30 CD34=  164 mNK=   78
  GSE233304 P24        S50                       pre=   7481 post=  5052 | eNKperm=   5 eNKstr=   1 proB=    3 ery=   24 CLP=  16 CD34=   22 mNK=   79
  GSE233304 P24        S54                       pre=   9026 post=  8219 | eNKperm=   1 eNKstr=   0 proB=    0 ery=   29 CLP=  18 CD34=   73 mNK=  434
wrote out/task_c_raw.tsv
