shared gene panel (fixed on uncorrected data): 4676

--- uncorrected_matched ---
  genes 4681  patients 29
  median SE: NK=0.120  CD8T=0.071  CD4T=0.059  B=0.088  Myeloid=0.071
  S3: PASS - NK standard errors comparable to other lineages
  quadrants: {'unclassified': 4558, 'Q3': 57, 'Q4': 43, 'Q3_NK_indeterminate': 13, 'Q1': 7, 'Q4_attenuated': 2, 'Q2': 1}
  |log2FC| immunoglobulin in NK      : 3.985
  |log2FC| granzyme/perforin in B    : 0.862
  Q2 funnel: NK=389 +CD8T=85 +concordant=76 +B eq=5 +Mye eq=1

--- decontaminated ---
  genes 4681  patients 29
  median SE: NK=0.199  CD8T=0.096  CD4T=0.091  B=0.286  Myeloid=0.075
  S3: STOP (S3) - NK SE is 2.12x the other lineages; 'NK unchanged
  quadrants: {'unclassified': 4625, 'Q4': 23, 'Q3': 19, 'Q3_NK_indeterminate': 7, 'Q1': 7}
  |log2FC| immunoglobulin in NK      : 4.216
  |log2FC| granzyme/perforin in B    : 1.314
  Q2 funnel: NK=475 +CD8T=63 +concordant=50 +B eq=0 +Mye eq=0

panel re-derived on corrected counts: 3601 genes (1075 dropped, 0 added)
  immunoglobulin genes dropped: ['IGKC', 'IGHG1', 'IGHG3', 'IGHA1', 'IGLC2', 'IGLC3', 'MZB1', 'JCHAIN']
  cytotoxic genes dropped: []

--- decontaminated_refiltered ---
  genes 3605  patients 29
  median SE: NK=0.239  CD8T=0.095  CD4T=0.090  B=0.290  Myeloid=0.073
  S3: STOP (S3) - NK SE is 2.59x the other lineages; 'NK unchanged
  quadrants: {'unclassified': 3575, 'Q4': 11, 'Q3_NK_indeterminate': 8, 'Q3': 7, 'Q1': 4}
  |log2FC| immunoglobulin in NK      : nan
  |log2FC| granzyme/perforin in B    : 1.440
  Q2 funnel: NK=390 +CD8T=37 +concordant=33 +B eq=0 +Mye eq=0

=== quadrant migration, uncorrected -> decontaminated ===
quadrant_cor         Q1  Q3  Q3_NK_indeterminate  Q4  unclassified
quadrant_raw                                                      
Q1                    0   0                    0   0             7
Q2                    0   0                    0   0             1
Q3                    0  16                    3   0            38
Q3_NK_indeterminate   0   0                    3   0            10
Q4                    0   0                    1  10            32
Q4_attenuated         0   0                    0   1             1
unclassified          7   3                    0  12          4546
DONE
