targeted scan: 3 columns of 35469 genes
gene -> column index: {'ITGA1': 9475, 'CD69': 20512, 'ITGAE': 27276}
scan complete in 104 s

==============================================================================
§4 RESIDENCY MARKERS — donor-median detection rate in author-NK
CD69 SHOWN SEPARATELY (dissociation-inducible; never pooled)
==============================================================================
tissue                 assay       don    nNK    ITGA1    ITGAE |     CD69 |    NCAM1   FCGR3A
bone marrow            10x 5' v1     5    601   0.000*   0.239  |   0.811  |   0.232    0.835 
liver                  10x 5' v1     5   1515   0.003*   0.263  |   0.846  |   0.317    0.404 
lung                   10x 5' v1     6    324   0.000*   0.190  |   0.771  |   0.220    0.771 
spleen                 10x 5' v1     6   1361   0.000*   0.262  |   0.945  |   0.403    0.588 
thoracic lymph node    10x 5' v1     6    257   0.000*   0.228  |   0.907  |   0.354    0.244 
bone marrow            10x 5' v2     3    753   0.000*   0.182  |   0.901  |   0.232    0.740 
mesenteric lymph node  10x 5' v2     3    950   0.000*   0.255  |   0.936  |   0.326    0.220 
spleen                 10x 5' v2     4   1751   0.002*   0.265  |   0.942  |   0.351    0.532 
   * = below the 5% floor band

------------------------------------------------------------------------------
§4 FEASIBILITY VERDICT
------------------------------------------------------------------------------
   ITGA1   median across organs 0.000  range 0.000-0.003  organs below 5% floor: 8/8   <== MOSTLY ON THE FLOOR
   ITGAE   median across organs 0.247  range 0.182-0.265  organs below 5% floor: 0/8
   CD69    median across organs 0.904  range 0.771-0.945  organs below 5% floor: 0/8
   NCAM1   median across organs 0.322  range 0.220-0.403  organs below 5% floor: 0/8
   FCGR3A  median across organs 0.560  range 0.220-0.835  organs below 5% floor: 0/8

   ITGA1 mostly on floor: True;  ITGAE mostly on floor: False
   -> residency axis at transcript level: NOT FEASIBLE

RUNTIME: targeted scan 104 s, 3 columns extracted

------------------------------------------------------------------------------
§4.1 residency-related labels already in the annotation?
------------------------------------------------------------------------------
   all labels: ['Cycling T&NK', 'ILC3', 'MAIT', 'NK_CD16+', 'NK_CD56bright_CD16-', 'T_CD4/CD8', 'Teffector/EM_CD4', 'Tem/emra_CD8', 'Tfh', 'Tgd_CRTAM+', 'Tnaive/CM_CD4', 'Tnaive/CM_CD4_activated', 'Tnaive/CM_CD8', 'Tregs', 'Trm/em_CD8', 'Trm_Tgd', 'Trm_Th1/Th17', 'Trm_gut_CD8']
   residency-related: ['ILC3', 'Trm/em_CD8', 'Trm_Tgd', 'Trm_Th1/Th17', 'Trm_gut_CD8']
