presence in raw.var: {'Ccl3': True, 'Ccl4': True, 'Ccl5': True, 'Xcl1': True, 'Xcl2': False}
Xcl-like names in matrix: ['Xcl1']

per-gene table: 7239 genes

=== §4  chemokine position, full ===
gene     p_green   p_red     drop     null     resid  resid pct  drop pct
Ccl3      0.4026  0.0985   0.7554   0.0312    0.7242     0.9986    0.9978
Ccl4      0.7013  0.2615   0.6271   0.0167    0.6103     0.9959    0.9903
Ccl5      0.9039  0.3462   0.6170   0.0090    0.6081     0.9956    0.9892
Xcl1      0.4935  0.5738  -0.1628   0.0320   -0.1948     0.1823    0.1292
Xcl2     NOT IN TABLE — ABSENT FROM THE MATRIX ENTIRELY

=== compared with genes of similar baseline (|Δp_green| <= 0.05) ===
  Ccl3    n_nb=  575  nb resid median +0.0265 IQR -0.071..+0.130  | Ccl3 resid +0.7242  pct 0.9983  (+3.5 IQR from nb median)  <== ABOVE 99th pct
  Ccl4    n_nb=  208  nb resid median +0.0360 IQR -0.040..+0.103  | Ccl4 resid +0.6103  pct 0.9952  (+4.0 IQR from nb median)  <== ABOVE 99th pct
  Ccl5    n_nb=  131  nb resid median +0.0359 IQR +0.000..+0.072  | Ccl5 resid +0.6081  pct 0.9924  (+8.0 IQR from nb median)  <== ABOVE 99th pct
  Xcl1    n_nb=  395  nb resid median +0.0344 IQR -0.062..+0.129  | Xcl1 resid -0.1948  pct 0.0709  (-1.2 IQR from nb median)

=== top-20 residuals overall — is the list chemokine-enriched? ===
    gene  p_green  p_red  drop_ratio  resid  resid_pct
    Cma1   0.1636 0.0200      0.8778 0.8168     1.0000
 Rasgrp2   0.1766 0.0185      0.8955 0.8114     0.9999
Hist1h3a   0.0519 0.0062      0.8815 0.7715     0.9997
   Pde5a   0.0675 0.0108      0.8405 0.7590     0.9996
   Itgam   0.2416 0.0400      0.8344 0.7497     0.9994
   S1pr5   0.1325 0.0200      0.8490 0.7455     0.9993
   Arl5c   0.0571 0.0092      0.8385 0.7439     0.9992
  Klhl21   0.0545 0.0077      0.8590 0.7390     0.9990
  Cmklr1   0.0545 0.0077      0.8590 0.7333     0.9989
   S1pr1   0.1013 0.0185      0.8178 0.7265     0.9988
    Ccl3   0.4026 0.0985      0.7554 0.7242     0.9986
  Mpv17l   0.0519 0.0092      0.8223 0.7143     0.9985
   Ntrk3   0.0935 0.0185      0.8026 0.7092     0.9983
  Utp14b   0.1013 0.0200      0.8026 0.6959     0.9982
  Btbd11   0.0831 0.0169      0.7964 0.6764     0.9981
   Dhrs3   0.2078 0.0508      0.7557 0.6672     0.9979
   As3mt   0.1351 0.0338      0.7494 0.6625     0.9978
   Pde2a   0.1688 0.0385      0.7722 0.6583     0.9977
   Cxcr4   0.3403 0.1015      0.7016 0.6533     0.9975
    Acp5   0.1013 0.0262      0.7418 0.6464     0.9974

chemokines among the top 20: ['Ccl3']
  top-  10 residuals contain: —
  top-  20 residuals contain: ['Ccl3']
  top-  50 residuals contain: ['Ccl3', 'Ccl4', 'Ccl5']
  top- 100 residuals contain: ['Ccl3', 'Ccl4', 'Ccl5']
  top- 200 residuals contain: ['Ccl3', 'Ccl4', 'Ccl5']
  top- 500 residuals contain: ['Ccl3', 'Ccl4', 'Ccl5']

=== baseline-matched permutation test on the chemokine set ===
  R1 = Ccl3/Ccl4/Ccl5    mean resid +0.6475   baseline-matched null mean +0.0367 sd 0.0718   p = 5.00e-05   z = +8.5
  R1 + Xcl1              mean resid +0.4370   baseline-matched null mean +0.0358 sd 0.0667   p = 5.00e-05   z = +6.0
<stdin>:43: UserWarning: Glyph 20027 (\N{CJK UNIFIED IDEOGRAPH-4E3B}) missing from font(s) DejaVu Sans.
<stdin>:43: UserWarning: Glyph 22270 (\N{CJK UNIFIED IDEOGRAPH-56FE}) missing from font(s) DejaVu Sans.
<stdin>:43: UserWarning: Glyph 65306 (\N{FULLWIDTH COLON}) missing from font(s) DejaVu Sans.
<stdin>:43: UserWarning: Glyph 38477 (\N{CJK UNIFIED IDEOGRAPH-964D}) missing from font(s) DejaVu Sans.
<stdin>:43: UserWarning: Glyph 24133 (\N{CJK UNIFIED IDEOGRAPH-5E45}) missing from font(s) DejaVu Sans.
<stdin>:43: UserWarning: Glyph 27604 (\N{CJK UNIFIED IDEOGRAPH-6BD4}) missing from font(s) DejaVu Sans.
<stdin>:43: UserWarning: Glyph 20363 (\N{CJK UNIFIED IDEOGRAPH-4F8B}) missing from font(s) DejaVu Sans.
<stdin>:43: UserWarning: Glyph 22522 (\N{CJK UNIFIED IDEOGRAPH-57FA}) missing from font(s) DejaVu Sans.
<stdin>:43: UserWarning: Glyph 32447 (\N{CJK UNIFIED IDEOGRAPH-7EBF}) missing from font(s) DejaVu Sans.
<stdin>:43: UserWarning: Glyph 65292 (\N{FULLWIDTH COMMA}) missing from font(s) DejaVu Sans.
<stdin>:43: UserWarning: Glyph 38468 (\N{CJK UNIFIED IDEOGRAPH-9644}) missing from font(s) DejaVu Sans.
<stdin>:43: UserWarning: Glyph 38646 (\N{CJK UNIFIED IDEOGRAPH-96F6}) missing from font(s) DejaVu Sans.
<stdin>:43: UserWarning: Glyph 27169 (\N{CJK UNIFIED IDEOGRAPH-6A21}) missing from font(s) DejaVu Sans.
<stdin>:43: UserWarning: Glyph 22411 (\N{CJK UNIFIED IDEOGRAPH-578B}) missing from font(s) DejaVu Sans.
<stdin>:43: UserWarning: Glyph 26354 (\N{CJK UNIFIED IDEOGRAPH-66F2}) missing from font(s) DejaVu Sans.
<stdin>:43: UserWarning: Glyph 27531 (\N{CJK UNIFIED IDEOGRAPH-6B8B}) missing from font(s) DejaVu Sans.
<stdin>:43: UserWarning: Glyph 24046 (\N{CJK UNIFIED IDEOGRAPH-5DEE}) missing from font(s) DejaVu Sans.
<stdin>:43: UserWarning: Glyph 25187 (\N{CJK UNIFIED IDEOGRAPH-6263}) missing from font(s) DejaVu Sans.
<stdin>:43: UserWarning: Glyph 38500 (\N{CJK UNIFIED IDEOGRAPH-9664}) missing from font(s) DejaVu Sans.
<stdin>:43: UserWarning: Glyph 20043 (\N{CJK UNIFIED IDEOGRAPH-4E4B}) missing from font(s) DejaVu Sans.
<stdin>:43: UserWarning: Glyph 21518 (\N{CJK UNIFIED IDEOGRAPH-540E}) missing from font(s) DejaVu Sans.
Traceback (most recent call last):
  File "<stdin>", line 43, in <module>
  File "/home/user/aaa/.venv/lib/python3.11/site-packages/matplotlib/pyplot.py", line 1346, in savefig
    res = fig.savefig(fname, **kwargs)  # type: ignore[func-returns-value]
          ^^^^^^^^^^^^^^^^^^^^^^^^^^^^
  File "/home/user/aaa/.venv/lib/python3.11/site-packages/matplotlib/figure.py", line 3515, in savefig
    self.canvas.print_figure(fname, **kwargs)
  File "/home/user/aaa/.venv/lib/python3.11/site-packages/matplotlib/backend_bases.py", line 2289, in print_figure
    result = print_method(
             ^^^^^^^^^^^^^
  File "/home/user/aaa/.venv/lib/python3.11/site-packages/matplotlib/backend_bases.py", line 2146, in <lambda>
    print_method = functools.wraps(meth)(lambda *args, **kwargs: meth(
                                                                 ^^^^^
  File "/home/user/aaa/.venv/lib/python3.11/site-packages/matplotlib/backends/backend_agg.py", line 537, in print_png
    self._print_pil(filename_or_obj, "png", pil_kwargs, metadata)
  File "/home/user/aaa/.venv/lib/python3.11/site-packages/matplotlib/backends/backend_agg.py", line 486, in _print_pil
    mpl.image.imsave(
  File "/home/user/aaa/.venv/lib/python3.11/site-packages/matplotlib/image.py", line 1722, in imsave
    image.save(fname, **pil_kwargs)
  File "/home/user/aaa/.venv/lib/python3.11/site-packages/PIL/Image.py", line 2706, in save
    fp = builtins.open(filename, "w+b")
         ^^^^^^^^^^^^^^^^^^^^^^^^^^^^^^
FileNotFoundError: [Errno 2] No such file or directory: 'S4_PLOTS/scatter.png'
Ccl3: residual +0.7242 -> 11 genes (0.15%) have an equal or larger residual
Ccl4: residual +0.6103 -> 31 genes (0.43%) have an equal or larger residual
Ccl5: residual +0.6081 -> 33 genes (0.46%) have an equal or larger residual

top-60 residual gene names (for the honest 'is this a broader programme?' check):
Cma1, Rasgrp2, Hist1h3a, Pde5a, Itgam, S1pr5, Arl5c, Klhl21, Cmklr1, S1pr1, Ccl3, Mpv17l, Ntrk3, Utp14b, Btbd11, Dhrs3, As3mt, Pde2a, Cxcr4, Acp5, Adrb2, Cdk14, Gm26740, A430078G23Rik, BC035044, Plxnc1, Usp6nl, Cep164, Gadd45a, Tinf2, Ccl4, Inpp4a, Ccl5, Rap1gap2, Airn, Sgk1, Dennd5a, Tspan32, Sord, Cd7, Icam2, Cd1d1, Kif23, Arhgap31, Gpr137b, Gadd45b, Plcxd2, Trp53inp2, Dck, Xylt1, Camk2b, Casp7, Dusp7, Gm20186, Acsl3, Wdr95, Fam234a, Socs3, Cpeb2, Gm26890

selected trafficking/egress genes and their residual percentile:
  S1pr5    p_green 0.132 p_red 0.020 drop +0.849 resid +0.7455 pct 0.9993
  S1pr1    p_green 0.101 p_red 0.018 drop +0.818 resid +0.7265 pct 0.9988
  Cxcr4    p_green 0.340 p_red 0.102 drop +0.702 resid +0.6533 pct 0.9975
  Sell     p_green 0.818 p_red 0.718 drop +0.122 resid +0.0886 pct 0.6744
  Klf2     p_green 0.795 p_red 0.389 drop +0.510 resid +0.4823 pct 0.9859
  Itgam    p_green 0.242 p_red 0.040 drop +0.834 resid +0.7497 pct 0.9994
  Ccr7     -- not in the gated table
  Cx3cr1   -- not in the gated table
  Sipa1    p_green 0.361 p_red 0.311 drop +0.139 resid +0.0512 pct 0.5925
  Klf3     p_green 0.234 p_red 0.108 drop +0.539 resid +0.4566 pct 0.9823
  Ly6c2    p_green 0.239 p_red 0.278 drop -0.165 resid -0.2075 pct 0.1730
  Cd62l    -- not in the gated table
