cached cells 216611; already cached []; to extract ['IL15', 'IL15RA', 'IL2RB', 'IL2RG', 'CISH', 'BCL2', 'SOCS1', 'PIM1']
TARGETED SCAN: 8 columns of 35469 genes
  gene -> column: {'IL15': 8699, 'IL15RA': 17001, 'IL2RB': 33876, 'IL2RG': 34709, 'CISH': 6328, 'BCL2': 29673, 'SOCS1': 25914, 'PIM1': 11479}
SCAN COMPLETE in 99 s (8 columns extracted, rest from cache)

labels present: ['Cycling T&NK', 'ILC3', 'MAIT', 'NK_CD16+', 'NK_CD56bright_CD16-', 'T_CD4/CD8', 'Teffector/EM_CD4', 'Tem/emra_CD8', 'Tfh', 'Tgd_CRTAM+', 'Tnaive/CM_CD4', 'Tnaive/CM_CD4_activated', 'Tnaive/CM_CD8', 'Tregs', 'Trm/em_CD8', 'Trm_Tgd', 'Trm_Th1/Th17', 'Trm_gut_CD8']
  => all labels are T / NK / ILC3. NO myeloid, DC, stromal or epithelial cells in this object.
     §1.1 is therefore SCOPE_LIMITED (see the module docstring).

==============================================================================
MAIN TABLE (donor medians; INSUFFICIENT = donors < 3 or NK < 200)
==============================================================================
                tissue     assay  donors  n_nk  n_nonnk  IL15_nonNK  IL15RA_nonNK  IL2RB_NK  IL2RG_NK  CISH_NK  BCL2_NK  SOCS1_NK  PIM1_NK  CCL3_NK  CCL4_NK  CCL5_NK  XCL1_NK
                 blood 10x 3' v3       2  3511    13088      0.0114        0.0371    0.5579    0.7570   0.0098   0.1310    0.2207   0.3363   0.4804   0.7025   0.7853   0.1608
                 blood 10x 5' v1       2   206     2744      0.0222        0.0673    0.8398    0.9208   0.0305   0.0970    0.1407   0.4142   0.2056   0.7002   0.9171   0.2492
                 blood 10x 5' v2       2   267      517      0.0104        0.0313    0.7971    0.9011   0.0152   0.0646    0.4838   0.5181   0.6625   0.9316   0.9259   0.3432
           bone marrow 10x 3' v3       2  6872    16269      0.0237        0.0271    0.6430    0.8602   0.0369   0.2118    0.2967   0.4002   0.7351   0.9371   0.7924   0.1535
           bone marrow 10x 5' v1       5   601     2434      0.0276        0.0388    0.8324    0.8421   0.1053   0.2744    0.3585   0.4465   0.8171   0.9024   0.8378   0.3158
           bone marrow 10x 5' v2       3   753     2249      0.0264        0.0364    0.8047    0.8438   0.0312   0.3030    0.4242   0.4545   0.6364   0.8438   0.8646   0.2786
                caecum 10x 5' v1       4     2      200      0.0154        0.0848    1.0000    0.5000   1.0000   1.0000    1.0000   1.0000   1.0000   0.5000   0.5000   1.0000
              duodenum 10x 5' v1       3     5      533      0.0000        0.0427    1.0000    0.8750   0.1250   0.6250    0.1250   0.6250   0.7500   0.8750   1.0000   0.2500
                 ileum 10x 5' v1       5     1      697      0.0370        0.0557    1.0000    1.0000   0.0000   0.0000    1.0000   1.0000   1.0000   1.0000   1.0000   1.0000
    jejunal epithelium 10x 3' v3       2    60    16135      0.0404        0.0228    0.7143    0.5625   0.0089   0.0982    0.1250   0.3125   0.2946   0.9464   0.8661   0.5000
    jejunal epithelium 10x 5' v2       3    66    10313      0.0375        0.0254    0.8846    0.8000   0.1154   0.1714    0.3429   0.2692   0.6000   0.6000   0.9143   0.8000
jejunum lamina propria 10x 3' v3       2    72    11417      0.0453        0.0389    0.8573    0.7991   0.0000   0.1155    0.2582   0.4655   0.6182   0.7609   0.8145   0.2982
jejunum lamina propria 10x 5' v2       3    71     6030      0.0760        0.0609    0.6667    0.8333   0.0833   0.2500    0.4167   0.5000   0.5000   0.7500   0.5833   0.5000
                 liver 10x 5' v1       5  1515     2682      0.0261        0.0634    0.8809    0.8511   0.1912   0.1348    0.1928   0.5423   0.7812   0.8750   0.7900   0.7234
                 liver 10x 5' v2       2  2072     3742      0.0359        0.0650    0.8268    0.9003   0.0806   0.2378    0.4012   0.5673   0.7692   0.8628   0.8546   0.4037
                  lung 10x 3' v3       2  2880     3979      0.0191        0.0318    0.7063    0.7922   0.0314   0.2848    0.3565   0.5015   0.7777   0.9116   0.7799   0.1950
                  lung 10x 5' v1       6   324     1545      0.0316        0.0846    0.7500    0.8382   0.1276   0.1011    0.2823   0.5000   0.6667   0.8819   0.8470   0.5556
                  lung 10x 5' v2       2    29       95      0.0455        0.0521    0.7158    0.8684   0.0500   0.3868    0.6184   0.5868   0.7947   0.8474   0.9237   0.1526
 mesenteric lymph node 10x 5' v1       5    41     6247      0.0121        0.0528    0.8571    0.9091   0.0000   0.1818    0.5000   0.5455   0.7273   0.8000   0.8000   0.7500
 mesenteric lymph node 10x 5' v2       4   950     9910      0.0139        0.0247    0.8123    0.8463   0.0283   0.1400    0.4824   0.4200   0.6200   0.6509   0.7400   0.4849
               omentum 10x 5' v1       4    33      352      0.0245        0.0507    0.7626    0.9722   0.0000   0.2652    0.7500   0.4242   0.6667   0.9722   1.0000   0.3333
         sigmoid colon 10x 5' v1       1     1       72      0.0139        0.0417    1.0000    1.0000   1.0000   1.0000    0.0000   1.0000   0.0000   1.0000   1.0000   0.0000
skeletal muscle tissue 10x 5' v1       5   134      429      0.0000        0.0000    0.9528    1.0000   0.2000   0.1496    0.4000   0.5000   0.6000   1.0000   0.8976   0.5984
                spleen 10x 3' v3       2  5098    13984      0.0242        0.0327    0.6774    0.8298   0.0263   0.1606    0.3358   0.3703   0.6145   0.8584   0.7399   0.2333
                spleen 10x 5' v1       6  1361     7404      0.0342        0.0605    0.8803    0.8924   0.0850   0.1414    0.4692   0.4433   0.7264   0.8840   0.7999   0.6925
                spleen 10x 5' v2       4  1751     9129      0.0170        0.0391    0.7740    0.8639   0.0289   0.1682    0.4500   0.4670   0.6656   0.7812   0.7903   0.4242
   thoracic lymph node 10x 3' v3       2   377    19595      0.0078        0.0196    0.7616    0.7642   0.0044   0.2331    0.4241   0.4280   0.6708   0.7978   0.7481   0.5662
   thoracic lymph node 10x 5' v1       6   257    11475      0.0169        0.0331    0.9111    0.8600   0.0204   0.1450    0.4900   0.3897   0.6608   0.7639   0.7733   0.8793
   thoracic lymph node 10x 5' v2       4   177    13438      0.0071        0.0287    0.8772    0.8370   0.0208   0.1624    0.4788   0.3862   0.6782   0.7330   0.7182   0.7458
                thymus 10x 5' v1       1     2      289      0.0000        0.0104    0.5000    1.0000   0.0000   0.5000    0.5000   0.0000   0.5000   0.5000   1.0000   0.5000
      transverse colon 10x 5' v1       1     4      125      0.0160        0.0480    1.0000    0.7500   0.5000   0.5000    0.2500   0.7500   0.5000   0.7500   0.7500   0.7500

reportable strata: 8 / 31

==============================================================================
§1.1 cell-type composition of IL15+ / IL15RA+ NON-NK cells
  (SCOPE_LIMITED: T and ILC3 only -- see above)
==============================================================================
  bone marrow            10x 5' v1  IL15    n+=   74/  2434  Tem/emra_CD8 39.2%; Tgd_CRTAM+ 16.2%; Trm/em_CD8 14.9%; Teffector/EM_CD4 12.2%; MAIT 5.4%
  bone marrow            10x 5' v1  IL15RA  n+=   97/  2434  Tem/emra_CD8 41.2%; Teffector/EM_CD4 14.4%; Trm/em_CD8 11.3%; Cycling T&NK 9.3%; Tnaive/CM_CD4 6.2%
  bone marrow            10x 5' v2  IL15    n+=   60/  2249  Tem/emra_CD8 33.3%; Trm/em_CD8 21.7%; Teffector/EM_CD4 16.7%; MAIT 6.7%; Tgd_CRTAM+ 6.7%
  bone marrow            10x 5' v2  IL15RA  n+=   89/  2249  Teffector/EM_CD4 25.8%; Tem/emra_CD8 19.1%; Trm/em_CD8 13.5%; Tnaive/CM_CD4_activated 10.1%; MAIT 5.6%
  liver                  10x 5' v1  IL15    n+=   73/  2682  MAIT 52.1%; T_CD4/CD8 12.3%; Tem/emra_CD8 8.2%; Tgd_CRTAM+ 5.5%; Teffector/EM_CD4 5.5%
  liver                  10x 5' v1  IL15RA  n+=  126/  2682  MAIT 47.6%; Trm_gut_CD8 9.5%; Tgd_CRTAM+ 8.7%; Trm/em_CD8 7.1%; Trm_Th1/Th17 7.1%
  lung                   10x 5' v1  IL15    n+=   51/  1545  Tem/emra_CD8 29.4%; Trm_Th1/Th17 27.5%; Trm/em_CD8 17.6%; MAIT 7.8%; Cycling T&NK 3.9%
  lung                   10x 5' v1  IL15RA  n+=  144/  1545  Trm_Th1/Th17 34.7%; Tem/emra_CD8 27.8%; Trm/em_CD8 10.4%; Teffector/EM_CD4 9.7%; Trm_gut_CD8 4.2%
  mesenteric lymph node  10x 5' v2  IL15    n+=  132/  9910  Tfh 15.2%; Tnaive/CM_CD4 12.1%; Trm_Th1/Th17 12.1%; Trm_gut_CD8 10.6%; Tregs 9.1%
  mesenteric lymph node  10x 5' v2  IL15RA  n+=  304/  9910  Tnaive/CM_CD4 20.1%; Tregs 19.7%; Tfh 14.8%; Teffector/EM_CD4 10.9%; Trm_Th1/Th17 5.3%
  spleen                 10x 5' v1  IL15    n+=  296/  7404  Trm/em_CD8 29.1%; Trm_gut_CD8 12.5%; Teffector/EM_CD4 11.5%; Tem/emra_CD8 9.5%; MAIT 8.8%
  spleen                 10x 5' v1  IL15RA  n+=  456/  7404  Trm/em_CD8 22.6%; Teffector/EM_CD4 17.3%; Tem/emra_CD8 12.5%; MAIT 9.6%; Trm_gut_CD8 7.9%
  spleen                 10x 5' v2  IL15    n+=  191/  9129  Trm/em_CD8 23.0%; Tgd_CRTAM+ 14.7%; MAIT 12.6%; Tfh 10.5%; Teffector/EM_CD4 10.5%
  spleen                 10x 5' v2  IL15RA  n+=  366/  9129  Trm/em_CD8 15.6%; Tfh 13.7%; Teffector/EM_CD4 13.4%; MAIT 13.4%; Tgd_CRTAM+ 12.8%
  thoracic lymph node    10x 5' v1  IL15    n+=  141/ 11475  Teffector/EM_CD4 21.3%; Trm/em_CD8 19.9%; Tnaive/CM_CD4 13.5%; Tfh 10.6%; Trm_Th1/Th17 9.2%
  thoracic lymph node    10x 5' v1  IL15RA  n+=  433/ 11475  Teffector/EM_CD4 19.6%; Tregs 18.0%; Tnaive/CM_CD4 17.8%; Tfh 14.3%; Tnaive/CM_CD8 5.5%

==============================================================================
§1.3 cross-organ rank correlations (10x 5' v1, author annotation)
  donor bootstrap within organ, 2000 resamples
==============================================================================
  organs in the reportable 5' v1 stratum (5): ['bone marrow', 'liver', 'lung', 'spleen', 'thoracic lymph node']
  rho(CISH_NK       , CCL3_NK  ) = +0.500   95% [-0.500, +0.900]   includes 0
  rho(CISH_NK       , CCL4_NK  ) = +0.100   95% [-0.500, +1.000]   includes 0
  rho(CISH_NK       , CCL5_NK  ) = +0.400   95% [-0.700, +0.900]   includes 0
  rho(CISH_NK       , XCL1_NK  ) = -0.300   95% [-0.900, +0.700]   includes 0
  rho(IL15_nonNK    , CCL3_NK  ) = +0.200   95% [-0.800, +0.900]   includes 0
  rho(IL15_nonNK    , CCL4_NK  ) = +0.700   95% [-0.600, +1.000]   includes 0
  rho(IL15_nonNK    , CCL5_NK  ) = +0.700   95% [-0.700, +0.900]   includes 0
  rho(IL15_nonNK    , XCL1_NK  ) = -0.600   95% [-1.000, +0.300]   includes 0
  rho(IL15RA_nonNK  , CCL3_NK  ) = +0.100   95% [-0.900, +0.900]   includes 0
  rho(IL15RA_nonNK  , CCL4_NK  ) = +0.100   95% [-0.600, +0.900]   includes 0
  rho(IL15RA_nonNK  , CCL5_NK  ) = +0.600   95% [-0.700, +0.900]   includes 0
  rho(IL15RA_nonNK  , XCL1_NK  ) = -0.300   95% [-0.700, +0.500]   includes 0
  rho(IL2RB_NK      , CCL3_NK  ) = -0.300   95% [-0.700, +0.900]   includes 0
  rho(IL2RB_NK      , CCL4_NK  ) = -0.700   95% [-0.900, +0.700]   includes 0
  rho(IL2RB_NK      , CCL5_NK  ) = -1.000   95% [-1.000, +0.600]   includes 0
  rho(IL2RB_NK      , XCL1_NK  ) = +0.900   95% [-0.100, +1.000]   includes 0
  rho(BCL2_NK       , CCL3_NK  ) = +0.300   95% [-0.900, +0.902]   includes 0
  rho(BCL2_NK       , CCL4_NK  ) = +0.300   95% [-0.800, +0.900]   includes 0
  rho(BCL2_NK       , CCL5_NK  ) = -0.300   95% [-0.700, +0.900]   includes 0
  rho(BCL2_NK       , XCL1_NK  ) = -0.100   95% [-0.900, +0.900]   includes 0
  rho(SOCS1_NK      , CCL3_NK  ) = -0.500   95% [-0.800, +0.700]   includes 0
  rho(SOCS1_NK      , CCL4_NK  ) = -0.100   95% [-0.800, +0.821]   includes 0
  rho(SOCS1_NK      , CCL5_NK  ) = -0.400   95% [-0.900, +0.800]   includes 0
  rho(SOCS1_NK      , XCL1_NK  ) = +0.300   95% [-0.600, +0.800]   includes 0
  rho(PIM1_NK       , CCL3_NK  ) = +0.500   95% [-0.700, +0.900]   includes 0
  rho(PIM1_NK       , CCL4_NK  ) = +0.100   95% [-0.600, +0.900]   includes 0
  rho(PIM1_NK       , CCL5_NK  ) = +0.400   95% [-0.900, +0.900]   includes 0
  rho(PIM1_NK       , XCL1_NK  ) = -0.300   95% [-0.800, +0.800]   includes 0

==============================================================================
MEASURABILITY BANDS (reportable strata only)
==============================================================================
  IL15_nonNK     median 0.026  range 0.014-0.034  floor 8/8  measurable 0/8  ceiling 0/8
  IL15RA_nonNK   median 0.039  range 0.025-0.085  floor 5/8  measurable 3/8  ceiling 0/8
  IL2RB_NK       median 0.822  range 0.750-0.911  floor 0/8  measurable 5/8  ceiling 3/8
  IL2RG_NK       median 0.849  range 0.838-0.892  floor 0/8  measurable 4/8  ceiling 4/8
  CISH_NK        median 0.058  range 0.020-0.191  floor 4/8  measurable 4/8  ceiling 0/8
  BCL2_NK        median 0.143  range 0.101-0.303  floor 0/8  measurable 8/8  ceiling 0/8
  SOCS1_NK       median 0.437  range 0.193-0.490  floor 0/8  measurable 8/8  ceiling 0/8
  PIM1_NK        median 0.451  range 0.390-0.542  floor 0/8  measurable 8/8  ceiling 0/8
  CCL3_NK        median 0.666  range 0.620-0.817  floor 0/8  measurable 8/8  ceiling 0/8
  CCL4_NK        median 0.859  range 0.651-0.902  floor 0/8  measurable 4/8  ceiling 4/8
  CCL5_NK        median 0.795  range 0.740-0.865  floor 0/8  measurable 7/8  ceiling 1/8
  XCL1_NK        median 0.520  range 0.279-0.879  floor 0/8  measurable 7/8  ceiling 1/8

RUNTIME: targeted scan 99 s, 8 columns
wrote s6_per_donor.csv, s6_by_organ.csv, s6_provider_composition.csv, s6_correlations.csv
